-------------------------------------------------------------------------------------------------------------------------------------------------------------------
      name:  <unnamed>
       log:  /Users/faizessa/Library/CloudStorage/Dropbox/Mac/Documents/ta/ECONUN3412/output/recitation1.log
  log type:  text
 opened on:  13 Sep 2026, 17:48:36

. 
. *=============================================================================*
. * 1. LOADING AND SAVING DATA
. *=============================================================================*
. 
. * Load built-in Stata dataset
. sysuse auto, clear
(1978 Automobile Data)

. 
. * Saving to Stata format (.dta)
. save "auto.dta", replace
file auto.dta saved

. 
. * Loading from Stata format (.dta)
. use "auto.dta", clear
(1978 Automobile Data)

. 
. * Exporting to CSV format (.csv)
. export delimited using "auto.csv", replace
file auto.csv saved

. 
. * Importing from CSV format (.csv)
. import delimited "auto.csv", clear
(12 vars, 74 obs)

. 
. * Exporting to Excel format (.xlsx)
. export excel using "auto.xlsx", firstrow(variables) replace
file auto.xlsx saved

. 
. * Importing from Excel format (.xlsx)
. import excel "auto.xlsx", firstrow clear

. 
. *=============================================================================*
. * 2. INSPECTING & MODIFYING DATA
. *=============================================================================*
. 
. * Basic summary statistics
. summarize mpg price weight

    Variable |        Obs        Mean    Std. Dev.       Min        Max
-------------+---------------------------------------------------------
         mpg |         74     21.2973    5.785503         12         41
       price |         74    6165.257    2949.496       3291      15906
      weight |         74    3019.459    777.1936       1760       4840

. 
. * Detailed summary statistics (percentiles, variance, skewness, kurtosis)
. summarize mpg price weight, detail

                             mpg
-------------------------------------------------------------
      Percentiles      Smallest
 1%           12             12
 5%           14             12
10%           14             14       Obs                  74
25%           18             14       Sum of Wgt.          74

50%           20                      Mean            21.2973
                        Largest       Std. Dev.      5.785503
75%           25             34
90%           29             35       Variance       33.47205
95%           34             35       Skewness       .9487176
99%           41             41       Kurtosis       3.975005

                            price
-------------------------------------------------------------
      Percentiles      Smallest
 1%         3291           3291
 5%         3748           3299
10%         3895           3667       Obs                  74
25%         4195           3748       Sum of Wgt.          74

50%       5006.5                      Mean           6165.257
                        Largest       Std. Dev.      2949.496
75%         6342          13466
90%        11385          13594       Variance        8699526
95%        13466          14500       Skewness       1.653434
99%        15906          15906       Kurtosis       4.819188

                           weight
-------------------------------------------------------------
      Percentiles      Smallest
 1%         1760           1760
 5%         1830           1800
10%         2020           1800       Obs                  74
25%         2240           1830       Sum of Wgt.          74

50%         3190                      Mean           3019.459
                        Largest       Std. Dev.      777.1936
75%         3600           4290
90%         4060           4330       Variance       604029.8
95%         4290           4720       Skewness       .1481164
99%         4840           4840       Kurtosis       2.118403

. 
. * Create gallons per 100 miles (gpm)
. generate gpm = (1 / mpg) * 100

. 
. * Create binary indicator for high fuel economy (mpg >= 25)
. generate high_mpg = (mpg >= 25)

. 
. * Inspect newly created variables
. summarize gpm high_mpg

    Variable |        Obs        Mean    Std. Dev.       Min        Max
-------------+---------------------------------------------------------
         gpm |         74     5.01928    1.279856   2.439024   8.333333
    high_mpg |         74    .2567568     .439826          0          1

. 
. *=============================================================================*
. * 3. TWO-SIDED HYPOTHESIS TESTING: H0: mu = 20 vs H1: mu != 20
. *=============================================================================*
. 
. * Method A: Manual computation using summary statistics and scalars
. summarize mpg

    Variable |        Obs        Mean    Std. Dev.       Min        Max
-------------+---------------------------------------------------------
         mpg |         74     21.2973    5.785503         12         41

. scalar n_obs    = r(N)

. scalar mean_mpg = r(mean)

. scalar sd_mpg   = r(sd)

. scalar se_mpg   = sd_mpg / sqrt(n_obs)

. scalar t_stat   = (mean_mpg - 20) / se_mpg

. scalar p_val    = 2 * (1 - normal(abs(t_stat)))

. scalar ci_lower = mean_mpg - 1.960 * se_mpg

. scalar ci_upper = mean_mpg + 1.960 * se_mpg

. 
. display _newline "=========================================================="

==========================================================

. display "=== Manual Two-Sided Hypothesis Test (H0: mu = 20, alpha = 0.05) ==="
=== Manual Two-Sided Hypothesis Test (H0: mu = 20, alpha = 0.05) ===

. display "=========================================================="
==========================================================

. display "Sample Mean:        " mean_mpg
Sample Mean:        21.297297

. display "Standard Error:     " se_mpg
Standard Error:     .67255109

. display "t-Statistic:        " t_stat
t-Statistic:        1.9289201

. display "Critical Value:     +/- 1.960"
Critical Value:     +/- 1.960

. display "p-Value:            " p_val
p-Value:            .05374078

. display "95% Conf. Interval: [" ci_lower ", " ci_upper "]"
95% Conf. Interval: [19.979097, 22.615497]

. display "==========================================================" _newline
==========================================================


. 
. * Method B: Automated testing using Stata's official ttest command
. ttest mpg == 20

One-sample t test
------------------------------------------------------------------------------
Variable |     Obs        Mean    Std. Err.   Std. Dev.   [95% Conf. Interval]
---------+--------------------------------------------------------------------
     mpg |      74     21.2973    .6725511    5.785503     19.9569    22.63769
------------------------------------------------------------------------------
    mean = mean(mpg)                                              t =   1.9289
Ho: mean = 20                                    degrees of freedom =       73

    Ha: mean < 20               Ha: mean != 20                 Ha: mean > 20
 Pr(T < t) = 0.9712         Pr(|T| > |t|) = 0.0576          Pr(T > t) = 0.0288

. 
. *=============================================================================*
. * 4. USEFUL COMMANDS FOR FUTURE RECITATIONS (REFERENCE)
. *=============================================================================*
. * - Regression:            regress price mpg weight
. * - Correlation:           correlate price mpg weight
. * - Covariance:            correlate price mpg weight, covariance
. * - Advanced Variables:    egen mean_mpg = mean(mpg), by(foreign)
. * - Merging:               merge 1:1 id using "other_dataset.dta"
. * - Visualization:         twoway scatter price mpg || lfit price mpg
. * - In-app Help:           help <command>
. *=============================================================================*
. 
. * Close log file
. capture log close
