-----------------------------------------------------------------------------------------------------------------------
      name:  <unnamed>
       log:  /Users/faizessa/Library/CloudStorage/Dropbox/Mac/Documents/ta/ECONUN3412/output/recitation2.log
  log type:  text
 opened on:   5 Oct 2026, 15:12:09

. 
. /********************************************************************************
> * PROBLEM 7: SW Empirical Exercise 4.1 (Growth.dta)
> ********************************************************************************/
. use "data/growth.dta", clear

. 
. graph twoway (scatter growth tradeshare)

. capture graph export "images/ps2_growth.png" 

. 
. list country_name growth tradeshare if tradeshare > 1.5

     +--------------------------------+
     | countr~e     growth   trades~e |
     |--------------------------------|
 65. |    Malta   6.652838   1.992616 |
     +--------------------------------+

. 
. regress growth tradeshare, robust 

Linear regression                               Number of obs     =         65
                                                F(1, 63)          =      12.09
                                                Prob > F          =     0.0009
                                                R-squared         =     0.1237
                                                Root MSE          =       1.79

------------------------------------------------------------------------------
             |               Robust
      growth |      Coef.   Std. Err.      t    P>|t|     [95% Conf. Interval]
-------------+----------------------------------------------------------------
  tradeshare |   2.306434   .6632868     3.48   0.001     .9809608    3.631907
       _cons |   .6402653   .4591457     1.39   0.168    -.2772641    1.557795
------------------------------------------------------------------------------

. 
. regress growth tradeshare if country_name != "Malta", robust

Linear regression                               Number of obs     =         64
                                                F(1, 62)          =       3.77
                                                Prob > F          =     0.0567
                                                R-squared         =     0.0447
                                                Root MSE          =     1.7894

------------------------------------------------------------------------------
             |               Robust
      growth |      Coef.   Std. Err.      t    P>|t|     [95% Conf. Interval]
-------------+----------------------------------------------------------------
  tradeshare |   1.680905   .8656171     1.94   0.057    -.0494392    3.411249
       _cons |   .9574107   .5360579     1.79   0.079    -.1141537    2.028975
------------------------------------------------------------------------------

. 
. // plotting regression functions
. graph twoway (scatter growth tradeshare) ///
>         (lfit growth tradeshare) ///
>         (lfit growth tradeshare if country_name != "Malta")

. capture graph export "images/ps2_growth_2.png" 

. 
.         
. /********************************************************************************
> * PROBLEM 8: SW Empirical Exercise 4.2 (Earnings_and_Height.dta) 
> ********************************************************************************/
. use "data/Earnings_and_Height.dta", clear

. 
. summarize earnings if height <= 67

    Variable |        Obs        Mean    Std. Dev.       Min        Max
-------------+---------------------------------------------------------
    earnings |     10,114    44488.44    26700.39   4726.391   84054.75

. summarize earnings if height > 67

    Variable |        Obs        Mean    Std. Dev.       Min        Max
-------------+---------------------------------------------------------
    earnings |      7,756    49987.88    26896.56   4726.391   84054.75

. 
. gen tall = (height > 67)

. ttest earnings, by(tall) unequal

Two-sample t test with unequal variances
------------------------------------------------------------------------------
   Group |     Obs        Mean    Std. Err.   Std. Dev.   [95% Conf. Interval]
---------+--------------------------------------------------------------------
       0 |  10,114    44488.44    265.4948    26700.39    43968.01    45008.86
       1 |   7,756    49987.88    305.4062    26896.56     49389.2    50586.55
---------+--------------------------------------------------------------------
combined |  17,870    46875.32     201.403    26923.29    46480.55    47270.09
---------+--------------------------------------------------------------------
    diff |            -5499.44    404.6732               -6292.643   -4706.237
------------------------------------------------------------------------------
    diff = mean(0) - mean(1)                                      t = -13.5898
Ho: diff = 0                     Satterthwaite's degrees of freedom =  16624.5

    Ha: diff < 0                 Ha: diff != 0                 Ha: diff > 0
 Pr(T < t) = 0.0000         Pr(|T| > |t|) = 0.0000          Pr(T > t) = 1.0000

. 
. graph twoway (scatter earnings height)

. capture graph export "images/ps2_earnings.png" 

. 
. regress earnings height, robust

Linear regression                               Number of obs     =     17,870
                                                F(1, 17868)       =     197.19
                                                Prob > F          =     0.0000
                                                R-squared         =     0.0109
                                                Root MSE          =      26777

------------------------------------------------------------------------------
             |               Robust
    earnings |      Coef.   Std. Err.      t    P>|t|     [95% Conf. Interval]
-------------+----------------------------------------------------------------
      height |   707.6716   50.39502    14.04   0.000     608.8924    806.4507
       _cons |  -512.7336   3379.864    -0.15   0.879    -7137.594    6112.126
------------------------------------------------------------------------------

. 
. gen height_cm = height/0.394

. regress earning height_cm

      Source |       SS           df       MS      Number of obs   =    17,870
-------------+----------------------------------   F(1, 17868)     =    196.46
       Model |  1.4086e+11         1  1.4086e+11   Prob > F        =    0.0000
    Residual |  1.2812e+13    17,868   717020563   R-squared       =    0.0109
-------------+----------------------------------   Adj R-squared   =    0.0108
       Total |  1.2953e+13    17,869   724863544   Root MSE        =     26777

------------------------------------------------------------------------------
    earnings |      Coef.   Std. Err.      t    P>|t|     [95% Conf. Interval]
-------------+----------------------------------------------------------------
   height_cm |   278.8226   19.89276    14.02   0.000     239.8309    317.8144
       _cons |  -512.7399   3386.857    -0.15   0.880    -7151.307    6125.827
------------------------------------------------------------------------------

. 
. regress earnings height if sex == 0, robust

Linear regression                               Number of obs     =      9,974
                                                F(1, 9972)        =      27.44
                                                Prob > F          =     0.0000
                                                R-squared         =     0.0027
                                                Root MSE          =      26801

------------------------------------------------------------------------------
             |               Robust
    earnings |      Coef.   Std. Err.      t    P>|t|     [95% Conf. Interval]
-------------+----------------------------------------------------------------
      height |   511.2222    97.5846     5.24   0.000     319.9367    702.5077
       _cons |   12650.86   6299.151     2.01   0.045     303.2497    24998.47
------------------------------------------------------------------------------

. 
. /********************************************************************************
> * PROBLEM 9: SW Empirical Exercise 5.3 (birthweight_smoking.dta)
> ********************************************************************************/
. 
. * Close log file
. log close
      name:  <unnamed>
       log:  /Users/faizessa/Library/CloudStorage/Dropbox/Mac/Documents/ta/ECONUN3412/output/recitation2.log
  log type:  text
 closed on:   5 Oct 2026, 15:12:12
-----------------------------------------------------------------------------------------------------------------------
